make all --print-data-base --no-builtin-variables --no-builtin-rules --question
# GNU Make 3.81
# Copyright (C) 2006  Free Software Foundation, Inc.
# This is free software; see the source for copying conditions.
# There is NO warranty; not even for MERCHANTABILITY or FITNESS FOR A
# PARTICULAR PURPOSE.

# This program built for i386-apple-darwin11.3.0
 
make: *** No rule to make target `all'.  Stop.


# Make data base, printed on Tue Apr 16 20:29:08 2024

# Variables

# automatic
<D = $(patsubst %/,%,$(dir $<))
# automatic
?F = $(notdir $?)
# environment
ELECTRON_NO_ATTACH_CONSOLE = 1
# environment
HOMEBREW_NO_ANALYTICS = 1
# environment
VSCODE_CRASH_REPORTER_PROCESS_TYPE = extensionHost
# environment
LC_CTYPE = UTF-8
# automatic
?D = $(patsubst %/,%,$(dir $?))
# environment
DIRENV_WATCHES = eJyskctqMkEQhd-l12rfavri1hf4N_8qZFE9VRVHxhnpHk1CyLsHAgF1I4Ssijqb8_Gdpw91wmWvtkr_b1ybPpxxWr9gxdaGada7mfg-I-bTvzofuF_a97PD8nPXeBr0hqdL7dVKHWdahiOrrY0mQQpgzUrx29CWprZLPfPn6kH_Zpx7HHXbY2VNQ-XponEc51edQ_EZBIVztsWxg-JcLOS7FDsrkj0LRzK-Tx27EBI5jEA5g8RIkW7xrHfZ5pD-AI94eteFEnjToQk-UCzgwIIXsdn4jNQToOfOOOxMMb3BlHJKSUggWpIY_DXdlTPBsT2m-vVoN05CBBvABHfn5PkrAAD__6wmucI=
# automatic
@D = $(patsubst %/,%,$(dir $@))
# automatic
@F = $(notdir $@)
# makefile
CURDIR := /Users/juan-garassino/Code/juan-garassino/deepProjects/deepCab/deepCab-api
# makefile
SHELL = /bin/sh
# environment
VSCODE_NLS_CONFIG = {"locale":"en-us","osLocale":"en-us","availableLanguages":{},"_languagePackSupport":true}
# environment
_ = /usr/bin/make
# environment
GOOGLE_APPLICATION_CREDENTIALS = /Users/juan-garassino/Code/juan-garassino/gcpCredentials/myplayground-garassino-8a4f1f31908f.json
# environment
DIRENV_FILE = /Users/juan-garassino/Code/juan-garassino/deepProjects/deepCab/deepCab-api/.envrc
# environment
_P9K_SSH_TTY = /dev/ttys000
# makefile (from `Makefile', line 1)
MAKEFILE_LIST :=  Makefile
# makefile (from `Makefile', line 3)
GCE_ZONE = "europe-west1-b"
# makefile (from `Makefile', line 29)
IMAGE_FAMILY = ubuntu-2204-lts
# environment
WARP_IS_LOCAL_SHELL_SESSION = 1
# makefile (from `Makefile', line 307)
fbold = $(shell echo "\033[1m")
# environment
__CFBundleIdentifier = com.microsoft.VSCode
# environment
P9K_SSH = 0
# environment
DIRENV_DIFF = eJyszU-PojAABfDv0vN0FVcGMdkDf4cqCiiCeiGFFhS01FYRNX73TTaZbLLnPb28d_i9F-Bg-np_AAamL2CjlbNMMhutwBTAwUZSIQf1DTNYYYGlPLJ2YLWE_rsRSnko2poWV_mnWDj_Toj5EXx80y7yHTAF_48e_KCsE8Xfh9SILc9Zgymgs4dsiutl0TjRgcCTMhIl7sRROZTjZTa57F1HT1aJ1x8Y9xrFevjSMypXQeO1PNaXfJJ9EX7Xlfs57a6NyHLlkYe871OhVz3BX5hg7VxWEME87p5teXMzrGuhPWHhlppieLgQXyPJ3EsJPhwDIXbDcxTx6rkR_Ui3Ui72fliG7LPxsj3vNc_b5rtRsozglrfMKVSFkihz9iZKnleZ9hWcFX6w1lxbiqYe-qvnHMb9SHNMpNaOoVaTFWpSrRdeuVe5DQ2kj-mVug6r4zZq4MZ6VneEtpKwcb2M4jYogyDoF4v8p3nyZvP1pqpSjnaZvSWnODRlPDrDLmmXQ9Uyzc4wvZKpYSMMw86yz_v5VqBf4P3-HQAA__8d88Wc
# environment
VSCODE_CWD = /Users/juan-garassino/Code/juan-garassino/deepProjects/deepCab/deepCab-api
# environment
WARP_USE_SSH_WRAPPER = 1
# environment
PATH = /usr/local/Caskroom/google-cloud-sdk/latest/google-cloud-sdk/bin:./bin:./node_modules/.bin:/Users/juan-garassino/.pyenv/plugins/pyenv-virtualenv/shims:/Users/juan-garassino/.pyenv/shims:/Users/juan-garassino/.rbenv/bin:/Users/juan-garassino/.pyenv/plugins/pyenv-virtualenv/shims:/Users/juan-garassino/.pyenv/bin:/usr/local/bin:/usr/bin:/bin:/usr/sbin:/sbin:/Users/juan-garassino/.cargo/bin:/Users/juan-garassino/.local/bin:/usr/local/sbin:/Users/juan-garassino/spark/spark-3.5.1-bin-hadoop3/bin:/Users/juan-garassino/.local/bin
# makefile (from `Makefile', line 11)
SERVICE_ACCOUNT_EMAIL = manager@deepcab.iam.gserviceaccount.com
# environment
WARP_COMBINED_PROMPT_COMMAND_GRID = 0
# environment
LSCOLORS = Gxfxcxdxbxegedabagacad
# environment
VIRTUAL_ENV = /Users/juan-garassino/.pyenv/versions/3.10.6/envs/miniTransformer
# makefile (from `Makefile', line 310)
ccblue = $(shell echo "\033[0;34m")
# environment
ELECTRON_RUN_AS_NODE = 1
# environment
PYENV_ROOT = /Users/juan-garassino/.pyenv
# default
.FEATURES := target-specific order-only second-expansion else-if archives jobserver check-symlink
# environment
LS_COLORS = di=1;36:ln=35:so=32:pi=33:ex=31:bd=34;46:cd=34;43:su=30;41:sg=30;46:tw=30;42:ow=30;43
# environment
SSH_AUTH_SOCK = /private/tmp/com.apple.launchd.BLa14LhThP/Listeners
# makefile (from `Makefile', line 309)
ccgreen = $(shell echo "\033[0;32m")
# automatic
%F = $(notdir $%)
# makefile (from `Makefile', line 21)
GS_DIR = gs://datascience-mlops/taxi-fare-ny
# environment
PWD = /Users/juan-garassino/Code/juan-garassino/deepProjects/deepCab/deepCab-api
# environment
ORIGINAL_XDG_CURRENT_DESKTOP = undefined
# environment
COLAB = 0
# environment
VSCODE_AMD_ENTRYPOINT = vs/workbench/api/node/extensionHostProcess
# environment
PYENV_SHELL = zsh
# environment
HOME = /Users/juan-garassino
# environment
WARP_HONOR_PS1 = 1
# default
MAKEFILEPATH = $(shell /usr/bin/xcode-select -print-path 2>/dev/null || echo /Developer)/Makefiles
# environment
VSCODE_CLI = 1
# environment
VSCODE_CODE_CACHE_PATH = /Users/juan-garassino/Library/Application Support/Code/CachedData/863d2581ecda6849923a2118d93a088b0745d9d6
# environment
LOGNAME = juan-garassino
# environment
BUNDLER_EDITOR = code
# environment
APPLICATION_INSIGHTS_NO_DIAGNOSTIC_CHANNEL = 1
# environment
VSCODE_HANDLES_UNCAUGHT_ERRORS = true
# automatic
^D = $(patsubst %/,%,$(dir $^))
# makefile (from `Makefile', line 17)
ML_DIR = ~/.lewagon/mlops
# makefile (from `Makefile', line 7)
GCR_MULTI_REGION = eu.gcr.io
# environment
XPC_FLAGS = 0x0
# environment
COLORTERM = truecolor
# default
MAKE = $(MAKE_COMMAND)
# default
MAKECMDGOALS := all
# environment
DIRENV_DIR = -/Users/juan-garassino/Code/juan-garassino/deepProjects/deepCab/deepCab-api
# environment
SHLVL = 3
# default
MAKE_VERSION := 3.81
# environment
USER = juan-garassino
# makefile
.DEFAULT_GOAL := actions_reinstall
# makefile (from `Makefile', line 5)
GCP_PROJECT_ID = deepcab
# environment
LESS = -R
# automatic
%D = $(patsubst %/,%,$(dir $%))
# default
MAKE_COMMAND := /Library/Developer/CommandLineTools/usr/bin/make
# environment
TERM_PROGRAM = WarpTerminal
# default
.VARIABLES := 
# environment
TMPDIR = /var/folders/70/pdzh2d9d281f_ylgth2bn0z80000gn/T/
# automatic
*F = $(notdir $*)
# environment
VSCODE_IPC_HOOK = /Users/juan-garassino/Library/Application Support/Code/1.87-main.sock
# environment
MallocNanoZone = 0
# environment
SPARK_HOME = /Users/juan-garassino/spark/spark-3.5.1-bin-hadoop3
# makefile
MAKEFLAGS = Rrqp
# environment
MFLAGS = -Rrqp
# automatic
*D = $(patsubst %/,%,$(dir $*))
# environment
TERM_PROGRAM_VERSION = v0.2024.04.09.08.01.stable_01
# environment
NVM_DIR = /Users/juan-garassino/.nvm
# environment
XPC_SERVICE_NAME = application.com.microsoft.VSCode.17205828.17212425.5734CDAD-BE4F-41EE-8E5A-59084448271F
# automatic
+D = $(patsubst %/,%,$(dir $+))
# makefile (from `Makefile', line 308)
fnormal = $(shell echo "\033[0m")
# automatic
+F = $(notdir $+)
# makefile (from `Makefile', line 13)
BUCKET_NAME = deepcab
# environment
__CF_USER_TEXT_ENCODING = 0x1F5:0x0:0x0
# environment
COMMAND_MODE = unix2003
# makefile (from `Makefile', line 311)
ccreset = $(shell echo "\033[0;39m")
# default
MAKEFILES := 
# automatic
<F = $(notdir $<)
# makefile (from `Makefile', line 25)
INSTANCE = deepcab-instance
# environment
PAGER = less
# makefile (from `Makefile', line 23)
DOCKER_IMAGE_NAME = deepcab-api
# environment
LC_ALL = C
# environment
CONDA_CHANGEPS1 = false
# environment
PYENV_VIRTUALENV_DISABLE_PROMPT = 1
# environment
PYENV_VIRTUAL_ENV = /Users/juan-garassino/.pyenv/versions/3.10.6/envs/miniTransformer
# makefile (from `Makefile', line 27)
IMAGE_PROJECT = ubuntu-os-cloud
# environment
P9K_TTY = old
# automatic
^F = $(notdir $^)
# environment
PROJECT_ROOT = /Users/juan-garassino/Code/juan-garassino/miniNetworks
# default
SUFFIXES := 
# environment
SSH_SOCKET_DIR = ~/.ssh
# environment
PYENV_VIRTUALENV_INIT = 1
# default
.INCLUDE_DIRS = /usr/local/include
# environment
MAKELEVEL := 0
# makefile (from `Makefile', line 15)
GCR_REGION = europe-west1
# environment
LANG = C
# environment
TERM = xterm-256color
# environment
_P9K_TTY = /dev/ttys000
# environment
VSCODE_PID = 56807
# makefile (from `Makefile', line 19)
HTTPS_DIR = https://storage.googleapis.com/datascience-mlops/taxi-fare-ny/
# variable set hash-table stats:
# Load=115/1024=11%, Rehash=0, Collisions=3/140=2%

# Pattern-specific Variable Values

# No pattern-specific variable values.

# Directories

# . (device 16777220, inode 762060): 22 files, no impossibilities.

# 22 files, no impossibilities in 1 directories.

# Implicit Rules

# No implicit rules.

# Files

 
gcpinstance_00_create:
#  Implicit rule search has not been done.
#  Modification time never checked.
#  File has not been updated.
#  commands to execute (from `Makefile', line 123):
	gcloud compute instances create ${INSTANCE} --image-project=${IMAGE_PROJECT} --image-family=${IMAGE_FAMILY}
	

docker_00_buildimage:
#  Implicit rule search has not been done.
#  Modification time never checked.
#  File has not been updated.
#  commands to execute (from `Makefile', line 147):
	sudo docker build -t ${GCR_MULTI_REGION}/${GCP_PROJECT_ID}/${DOCKER_IMAGE_NAME} .
	

show_sources_env:
#  Implicit rule search has not been done.
#  Modification time never checked.
#  File has not been updated.
#  commands to execute (from `Makefile', line 299):
	-ls -laR ~/.lewagon/mlops/data | grep ${DATASET_SIZE}
	-bq ls ${DATASET}
	-bq show ${DATASET}.train_${DATASET_SIZE}
	-bq show ${DATASET}.val_${DATASET_SIZE}
	-bq show ${DATASET}.train_processed_${DATASET_SIZE}
	-bq show ${DATASET}.val_processed_${DATASET_SIZE}
	

docker_02_deleteimages:
#  Implicit rule search has not been done.
#  Modification time never checked.
#  File has not been updated.
#  commands to execute (from `Makefile', line 155):
	docker rmi -f ${IMAGES}
	

gcpsetup_01_setproject:
#  Implicit rule search has not been done.
#  Modification time never checked.
#  File has not been updated.
#  commands to execute (from `Makefile', line 105):
	@gcloud config set project ${GCP_PROJECT_ID}
	

# Not a target:
all:
#  Command-line target.
#  Implicit rule search has been done.
#  File does not exist.
#  File has not been updated.
# variable set hash-table stats:
# Load=0/32=0%, Rehash=0, Collisions=0/0=0%

gcpinstance_05_copyjson:
#  Implicit rule search has not been done.
#  Modification time never checked.
#  File has not been updated.
#  commands to execute (from `Makefile', line 143):
	gcloud compute scp ${GOOGLE_APPLICATION_CREDENTIALS} ${INSTANCE}:~/.ssh/
	gcloud compute ssh ${INSTANCE} --command "echo 'export GOOGLE_APPLICATION_CREDENTIALS=~/.ssh/$(basename ${GOOGLE_APPLICATION_CREDENTIALS})' >> ~/.zshrc"
	

prefect_agent_start:
#  Implicit rule search has not been done.
#  Modification time never checked.
#  File has not been updated.
#  commands to execute (from `Makefile', line 185):
	prefect agent local start
	

gcpinstance_04_copyssh:
#  Implicit rule search has not been done.
#  Modification time never checked.
#  File has not been updated.
#  commands to execute (from `Makefile', line 139):
	gcloud compute scp ~/.ssh/id_ed25519 ${INSTANCE}:~/.ssh/
	

prefect_project_create:
#  Implicit rule search has not been done.
#  Modification time never checked.
#  File has not been updated.
#  commands to execute (from `Makefile', line 188):
	prefect create project ${PREFECT_FLOW_NAME}
	

gcpsetup_03_fullsetup:
#  Implicit rule search has not been done.
#  Modification time never checked.
#  File has not been updated.
#  commands to execute (from `Makefile', line 115):
	gcp_login set_credentials set_project
	

reset_sources_all:
#  Implicit rule search has not been done.
#  Modification time never checked.
#  File has not been updated.
#  commands to execute (from `Makefile', line 201):
	mkdir -p ${ML_DIR}/data/raw ${ML_DIR}/data/processed
	mkdir -p ${ML_DIR}/training_outputs/params ${ML_DIR}/training_outputs/metrics ${ML_DIR}/training_outputs/model
	# Big Query
	-bq mk --sync --location=${MULTI_REGION} ${DATASET}
	# 1k
	-curl ${HTTPS_DIR}train_1k.csv > ${ML_DIR}/data/raw/train_1k.csv
	-curl ${HTTPS_DIR}val_1k.csv > ${ML_DIR}/data/raw/val_1k.csv
	-curl ${HTTPS_DIR}processed/train_processed_1k.csv > ${ML_DIR}/data/processed/train_processed_1k.csv
	-curl ${HTTPS_DIR}processed/val_processed_1k.csv > ${ML_DIR}/data/processed/val_processed_1k.csv
	-bq mk --sync --location=${MULTI_REGION} ${DATASET}.train_1k
	-bq mk --sync --location=${MULTI_REGION} ${DATASET}.val_1k
	-bq mk --sync --location=${MULTI_REGION} ${DATASET}.train_processed_1k
	-bq mk --sync --location=${MULTI_REGION} ${DATASET}.val_processed_1k
	-bq load --sync --autodetect --skip_leading_rows 1 --replace ${DATASET}.train_1k ${GS_DIR}/train_1k.csv
	-bq load --sync --autodetect --skip_leading_rows 1 --replace ${DATASET}.val_1k ${GS_DIR}/val_1k.csv
	-bq load --sync --autodetect --skip_leading_rows 1 --replace ${DATASET}.train_processed_1k ${GS_DIR}/processed/train_processed_1k.csv
	-bq load --sync --autodetect --skip_leading_rows 1 --replace ${DATASET}.val_processed_1k ${GS_DIR}/processed/val_processed_1k.csv
	# 10k
	-curl ${HTTPS_DIR}train_10k.csv > ${ML_DIR}/data/raw/train_10k.csv
	-curl ${HTTPS_DIR}val_10k.csv > ${ML_DIR}/data/raw/val_10k.csv
	-curl ${HTTPS_DIR}processed/train_processed_10k.csv > ${ML_DIR}/data/processed/train_processed_10k.csv
	-curl ${HTTPS_DIR}processed/val_processed_10k.csv > ${ML_DIR}/data/processed/val_processed_10k.csv
	-bq mk --sync --location=${MULTI_REGION} ${DATASET}.train_10k
	-bq mk --sync --location=${MULTI_REGION} ${DATASET}.val_10k
	-bq mk --sync --location=${MULTI_REGION} ${DATASET}.train_processed_10k
	-bq mk --sync --location=${MULTI_REGION} ${DATASET}.val_processed_10k
	-bq load --sync --autodetect --skip_leading_rows 1 --replace ${DATASET}.train_10k ${GS_DIR}/train_10k.csv
	-bq load --sync --autodetect --skip_leading_rows 1 --replace ${DATASET}.val_10k ${GS_DIR}/val_10k.csv
	-bq load --sync --autodetect --skip_leading_rows 1 --replace ${DATASET}.train_processed_10k ${GS_DIR}/processed/train_processed_10k.csv
	-bq load --sync --autodetect --skip_leading_rows 1 --replace ${DATASET}.val_processed_10k ${GS_DIR}/processed/val_processed_10k.csv
	# 100k
	-curl ${HTTPS_DIR}train_100k.csv > ${ML_DIR}/data/raw/train_100k.csv
	-curl ${HTTPS_DIR}val_100k.csv > ${ML_DIR}/data/raw/val_100k.csv
	-curl ${HTTPS_DIR}processed/train_processed_100k.csv > ${ML_DIR}/data/processed/train_processed_100k.csv
	-curl ${HTTPS_DIR}processed/val_processed_100k.csv > ${ML_DIR}/data/processed/val_processed_100k.csv
	-bq mk --sync --location=${MULTI_REGION} ${DATASET}.train_100k
	-bq mk --sync --location=${MULTI_REGION} ${DATASET}.val_100k
	-bq mk --sync --location=${MULTI_REGION} ${DATASET}.train_processed_100k
	-bq mk --sync --location=${MULTI_REGION} ${DATASET}.val_processed_100k
	-bq load --sync --autodetect --skip_leading_rows 1 --replace ${DATASET}.train_100k ${GS_DIR}/train_100k.csv
	-bq load --sync --autodetect --skip_leading_rows 1 --replace ${DATASET}.val_100k ${GS_DIR}/val_100k.csv
	-bq load --sync --autodetect --skip_leading_rows 1 --replace ${DATASET}.train_processed_100k ${GS_DIR}/processed/train_processed_100k.csv
	-bq load --sync --autodetect --skip_leading_rows 1 --replace ${DATASET}.val_processed_100k ${GS_DIR}/processed/val_processed_100k.csv
	# 500k
	-curl ${HTTPS_DIR}train_500k.csv > ${ML_DIR}/data/raw/train_500k.csv
	-curl ${HTTPS_DIR}val_500k.csv > ${ML_DIR}/data/raw/val_500k.csv
	-curl ${HTTPS_DIR}processed/train_processed_500k.csv > ${ML_DIR}/data/processed/train_processed_500k.csv
	-curl ${HTTPS_DIR}processed/val_processed_500k.csv > ${ML_DIR}/data/processed/val_processed_500k.csv
	-bq mk --sync --location=${MULTI_REGION} ${DATASET}.train_500k
	-bq mk --sync --location=${MULTI_REGION} ${DATASET}.val_500k
	-bq mk --sync --location=${MULTI_REGION} ${DATASET}.train_processed_500k
	-bq mk --sync --location=${MULTI_REGION} ${DATASET}.val_processed_500k
	-bq load --sync --autodetect --skip_leading_rows 1 --replace ${DATASET}.train_500k ${GS_DIR}/train_500k.csv
	-bq load --sync --autodetect --skip_leading_rows 1 --replace ${DATASET}.val_500k ${GS_DIR}/val_500k.csv
	-bq load --sync --autodetect --skip_leading_rows 1 --replace ${DATASET}.train_processed_500k ${GS_DIR}/processed/train_processed_500k.csv
	-bq load --sync --autodetect --skip_leading_rows 1 --replace ${DATASET}.val_processed_500k ${GS_DIR}/processed/val_processed_500k.csv
	

# Not a target:
.SUFFIXES:
#  Implicit rule search has not been done.
#  Modification time never checked.
#  File has not been updated.

docker_03_pushtoregistry:
#  Implicit rule search has not been done.
#  Modification time never checked.
#  File has not been updated.
#  commands to execute (from `Makefile', line 167):
 
	docker push ${GCR_MULTI_REGION}/${GCP_PROJECT_ID}/${DOCKER_IMAGE_NAME}
	

# Not a target:
Makefile:
#  Implicit rule search has been done.
#  Last modified 2023-01-14 16:24:18
#  File has been updated.
#  Successfully updated.
# variable set hash-table stats:
# Load=0/32=0%, Rehash=0, Collisions=0/0=0%

gcpsetup_00_login:
#  Implicit rule search has not been done.
#  Modification time never checked.
#  File has not been updated.
#  commands to execute (from `Makefile', line 101):
	@gcloud auth login --cred-file=${GOOGLE_APPLICATION_CREDENTIALS}
	

gcpsetup_02_setcredentials:
#  Implicit rule search has not been done.
#  Modification time never checked.
#  File has not been updated.
#  commands to execute (from `Makefile', line 109):
	@gcloud projects get-iam-policy ${GCP_PROJECT_ID} \
	--flatten="bindings[].members" \
	--format='table(bindings.role)' \
	--filter="bindings.members:${SERVICE_ACCOUNT_EMAIL}"
	

run_train:
#  Implicit rule search has not been done.
#  Modification time never checked.
#  File has not been updated.
#  commands to execute (from `Makefile', line 65):
	python -c 'from deepCab.interface.main import train; train()'
	

run_pred:
#  Implicit rule search has not been done.
#  Modification time never checked.
#  File has not been updated.
#  commands to execute (from `Makefile', line 69):
	python -c 'from deepCab.interface.main import pred; pred()'
	

show_sources_all:
#  Implicit rule search has not been done.
#  Modification time never checked.
#  File has not been updated.
#  commands to execute (from `Makefile', line 278):
	-ls -laR ~/.lewagon/mlops/data
	-bq ls ${DATASET}
	-bq show ${DATASET}.train_1k
	-bq show ${DATASET}.train_10k
	-bq show ${DATASET}.train_100k
	-bq show ${DATASET}.train_500k
	-bq show ${DATASET}.val_1k
	-bq show ${DATASET}.val_10k
	-bq show ${DATASET}.val_100k
	-bq show ${DATASET}.val_500k
	-bq show ${DATASET}.train_processed_1k
	-bq show ${DATASET}.train_processed_10k
	-bq show ${DATASET}.train_processed_100k
	-bq show ${DATASET}.train_processed_500k
	-bq show ${DATASET}.val_processed_1k
	-bq show ${DATASET}.val_processed_10k
	-bq show ${DATASET}.val_processed_100k
	-bq show ${DATASET}.val_processed_500k
	

actions_clean:
#  Implicit rule search has not been done.
#  Modification time never checked.
#  File has not been updated.
#  commands to execute (from `Makefile', line 40):
	@rm -f */version.txt
	@rm -f .coverage
	@rm -fr */__pycache__ */*.pyc __pycache__
	@rm -fr build dist
	@rm -fr deepSculpt-*.dist-info
	@rm -fr deepSculpt.egg-info
	

default:
#  Implicit rule search has not been done.
#  Modification time never checked.
#  File has not been updated.
#  commands to execute (from `Makefile', line 89):
	@echo 'tests are only executed locally for this challenge'
	

docker_02_runimage:
#  Implicit rule search has not been done.
#  Modification time never checked.
#  File has not been updated.
#  commands to execute (from `Makefile', line 163):
	sudo docker run -e PORT=8000 -p 8080:8000 --env-file .env ${GCR_MULTI_REGION}/${GCP_PROJECT_ID}/${DOCKER_IMAGE_NAME}
	

run_flow:
#  Implicit rule search has not been done.
#  Modification time never checked.
#  File has not been updated.
#  commands to execute (from `Makefile', line 57):
	python -m deepCab.flow.main
	

GCP_cloud_config:
#  Implicit rule search has not been done.
#  Modification time never checked.
#  File has not been updated.
#  commands to execute (from `Makefile', line 176):
	gcloud run services describe ${DOCKER_IMAGE_NAME} --format export > service.yaml
	

gcpbucket_00_create:
#  Implicit rule search has not been done.
#  Modification time never checked.
#  File has not been updated.
#  commands to execute (from `Makefile', line 119):
	@gsutil mb -l ${GCR_REGION} -p ${GCP_PROJECT_ID} gs://${BUCKET_NAME}
	

delete_new_source:
#  Implicit rule search has not been done.
#  Modification time never checked.
#  File has not been updated.
#  commands to execute (from `Makefile', line 194):
	-bq rm -f ${DATASET}.train_new.csv
	-bq rm -f ${DATASET}.val_new.csv
	-rm ~/.lewagon/mlops/data/raw/train_new.csv
	-rm ~/.lewagon/mlops/data/raw/val_new.csv
	

run_model:
#  Implicit rule search has not been done.
#  Modification time never checked.
#  File has not been updated.
#  commands to execute (from `Makefile', line 53):
	python -m deepCab.interface.main
	

run_workflow:
#  Implicit rule search has not been done.
#  Modification time never checked.
#  File has not been updated.
#  commands to execute (from `Makefile', line 81):
	PREFECT__LOGGING__LEVEL=${PREFECT_LOG_LEVEL} python -m deepCab.flow.main
	

docker_01_imagelist:
#  Implicit rule search has not been done.
#  Modification time never checked.
#  File has not been updated.
#  commands to execute (from `Makefile', line 151):
	export IMAGES=$(docker images -aq)
	

show_env:
#  Implicit rule search has not been done.
#  Modification time never checked.
#  File has not been updated.
#  commands to execute (from `Makefile', line 314):
	@echo "\nEnvironment variables used by the \`taxifare\` package loaded by \`direnv\` from your \`.env\` located at:"
	@echo ${DIRENV_DIR}
	@echo "\n$(ccgreen)local storage:$(ccreset)"
	@env | grep -E "LOCAL_DATA_PATH|LOCAL_REGISTRY_PATH" || :
	@echo "\n$(ccgreen)dataset:$(ccreset)"
	@env | grep -E "DATASET_SIZE|VALIDATION_DATASET_SIZE|CHUNK_SIZE" || :
	@echo "\n$(ccgreen)package behavior:$(ccreset)"
	@env | grep -E "DATA_SOURCE|MODEL_TARGET" || :
	@echo "\n$(ccgreen)GCP:$(ccreset)"
	@env | grep -E "GCP_PROJECT_ID|GCR_REGION" || :
	@echo "\n$(ccgreen)Big Query:$(ccreset)"
	@env | grep -E "DATASET" | grep -Ev "DATASET_SIZE|VALIDATION_DATASET_SIZE" || :\
	@echo "\n$(ccgreen)Compute Engine:$(ccreset)"
	@env | grep -E "INSTANCE" || :
	@echo "\n$(ccgreen)MLflow:$(ccreset)"
	@env | grep -E "MLFLOW_EXPERIMENT|MLFLOW_MODEL_NAME" || :
	@env | grep -E "MLFLOW_TRACKING_URI|MLFLOW_TRACKING_DB" || :
	@echo "\n$(ccgreen)Prefect:$(ccreset)"
	@env | grep -E "PREFECT_BACKEND|PREFECT_FLOW_NAME|PREFECT_LOG_LEVEL" || :
	

actions_reinstall:
#  Implicit rule search has not been done.
#  Modification time never checked.
#  File has not been updated.
#  commands to execute (from `Makefile', line 35):
	@pip uninstall -y taxifare || :
	@pip install -e .
	

# Not a target:
.DEFAULT:
#  Implicit rule search has not been done.
#  Modification time never checked.
#  File has not been updated.

actions_black:
#  Implicit rule search has not been done.
#  Modification time never checked.
#  File has not been updated.
#  commands to execute (from `Makefile', line 49):
	@black deepCab/*/*.py
	

GCP_update_config:
#  Implicit rule search has not been done.
#  Modification time never checked.
#  File has not been updated.
#  commands to execute (from `Makefile', line 179):
	gcloud run services replace service.yaml
	

test_api_predict:
#  Implicit rule search has not been done.
#  Modification time never checked.
#  File has not been updated.
#  commands to execute (from `Makefile', line 98):
	TEST_ENV=development pytest tests/api -k 'test_predict' --asyncio-mode=strict -W "ignore"
	

gcpinstance_02_connect:
#  Implicit rule search has not been done.
#  Modification time never checked.
#  File has not been updated.
#  commands to execute (from `Makefile', line 131):
	gcloud beta compute ssh ${INSTANCE} --project ${GCP_PROJECT_ID} --zone ${GCE_ZONE}
	

docker_01_runshell:
#  Implicit rule search has not been done.
#  Modification time never checked.
#  File has not been updated.
#  commands to execute (from `Makefile', line 159):
	docker run -it --env-file .env ${GCR_MULTI_REGION}/${GCP_PROJECT_ID}/${DOCKER_IMAGE_NAME} sh
	

test_api_root:
#  Implicit rule search has not been done.
#  Modification time never checked.
#  File has not been updated.
#  commands to execute (from `Makefile', line 95):
	TEST_ENV=development pytest tests/api -k 'test_root' --asyncio-mode=strict -W "ignore"
	

list:
#  Implicit rule search has not been done.
#  Modification time never checked.
#  File has not been updated.
#  commands to execute (from `Makefile', line 341):
	@echo "\nHelp for the \`taxifare\` package \`Makefile\`"
	@echo "\n$(ccgreen)$(fbold)PACKAGE$(ccreset)"
 
	@echo "\n    $(ccgreen)$(fbold)environment rules:$(ccreset)"
	@echo "\n        $(fbold)show_env$(ccreset)"
	@echo "            Show the environment variables used by the package by category."
	@echo "\n    $(ccgreen)$(fbold)run rules:$(ccreset)"
	@echo "\n        $(fbold)run_all$(ccreset)"
	@echo "            Run the package (\`deepCab.interface.main\` module)."
	@echo "\n        $(fbold)run_workflow$(ccreset)"
	@echo "            Start a prefect workflow locally (run the \`deepCab.flow.main\` module)."
	@echo "\n$(ccgreen)$(fbold)WORKFLOW$(ccreset)"
	@echo "\n    $(ccgreen)$(fbold)data operation rules:$(ccreset)"
	@echo "\n        $(fbold)show_sources_all$(ccreset)"
	@echo "            Show all data sources."
	@echo "\n        $(fbold)show_sources_env$(ccreset)"
	@echo "            Show ${DATASET_SIZE} data sources."
	@echo "\n        $(fbold)reset_sources_all$(ccreset)"
	@echo "            Reset all data sources."
	@echo "\n        $(fbold)reset_sources_env$(ccreset)"
	@echo "            Reset ${DATASET_SIZE} data sources."
	@echo "\n        $(fbold)delete_new_source$(ccreset)"
	@echo "            Delete monthly data source."
	@echo "\n$(ccgreen)$(fbold)TESTS$(ccreset)"
	@echo "\n    $(ccgreen)$(fbold)student rules:$(ccreset)"
	@echo "\n        $(fbold)reinstall_package$(ccreset)"
	@echo "            Install the version of the package corresponding to the challenge."
	@echo "\n        $(fbold)test_cloud_training$(ccreset)"
	@echo "            Run the tests."
	

prefect_server_start:
#  Implicit rule search has not been done.
#  Modification time never checked.
#  File has not been updated.
#  commands to execute (from `Makefile', line 182):
	prefect server start --postgres-port 5433 --ui-port 8088
	

run_all:
#  Implicit rule search has not been done.
#  Modification time never checked.
#  File has not been updated.
#  commands to execute (from `Makefile', line 77):
	run_preprocess run_train run_pred run_evaluate
	

test_api:
#  Implicit rule search has not been done.
#  Modification time never checked.
#  File has not been updated.
#  commands to execute (from `Makefile', line 92):
	test_api_root test_api_predict
	

run_evaluate:
#  Implicit rule search has not been done.
#  Modification time never checked.
#  File has not been updated.
#  commands to execute (from `Makefile', line 73):
	python -c 'from deepCab.interface.main import evaluate; evaluate()'
	

reset_sources_env:
#  Implicit rule search has not been done.
#  Modification time never checked.
#  File has not been updated.
#  commands to execute (from `Makefile', line 260):
	mkdir -p ${ML_DIR}/data/raw ${ML_DIR}/data/processed
	mkdir -p ${ML_DIR}/training_outputs/params ${ML_DIR}/training_outputs/metrics ${ML_DIR}/training_outputs/model
	-curl ${HTTPS_DIR}train_${DATASET_SIZE}.csv > ${ML_DIR}/data/raw/train_${DATASET_SIZE}.csv
	-curl ${HTTPS_DIR}val_${DATASET_SIZE}.csv > ${ML_DIR}/data/raw/val_${DATASET_SIZE}.csv
	-curl ${HTTPS_DIR}processed/train_processed_${DATASET_SIZE}.csv > ${ML_DIR}/data/processed/train_processed_${DATASET_SIZE}.csv
	-curl ${HTTPS_DIR}processed/val_processed_${DATASET_SIZE}.csv > ${ML_DIR}/data/processed/val_processed_${DATASET_SIZE}.csv
	-bq mk --sync --location=${MULTI_REGION} ${DATASET}
	-bq mk --sync --location=${MULTI_REGION} ${DATASET}.train_${DATASET_SIZE}
	-bq mk --sync --location=${MULTI_REGION} ${DATASET}.val_${DATASET_SIZE}
	-bq mk --sync --location=${MULTI_REGION} ${DATASET}.train_processed_${DATASET_SIZE}
	-bq mk --sync --location=${MULTI_REGION} ${DATASET}.val_processed_${DATASET_SIZE}
	-bq load --sync --autodetect --skip_leading_rows 1 --replace ${DATASET}.train_${DATASET_SIZE} ${GS_DIR}/train_${DATASET_SIZE}.csv
	-bq load --sync --autodetect --skip_leading_rows 1 --replace ${DATASET}.val_${DATASET_SIZE} ${GS_DIR}/val_${DATASET_SIZE}.csv
	-bq load --sync --autodetect --skip_leading_rows 1 --replace ${DATASET}.train_processed_${DATASET_SIZE} ${GS_DIR}/processed/train_processed_${DATASET_SIZE}.csv
	-bq load --sync --autodetect --skip_leading_rows 1 --replace ${DATASET}.val_processed_${DATASET_SIZE} ${GS_DIR}/processed/val_processed_${DATASET_SIZE}.csv
	

run_api:
#  Implicit rule search has not been done.
#  Modification time never checked.
#  File has not been updated.
#  commands to execute (from `Makefile', line 85):
	uvicorn deepCab.api.fast:app --reload
	

run_preprocess:
#  Implicit rule search has not been done.
#  Modification time never checked.
#  File has not been updated.
#  commands to execute (from `Makefile', line 61):
	python -c 'from deepCab.interface.main import preprocess; preprocess(); preprocess(source_type="val")'
	

gcpinstance_03_stop:
#  Implicit rule search has not been done.
#  Modification time never checked.
#  File has not been updated.
#  commands to execute (from `Makefile', line 135):
	gcloud compute instances stop ${INSTANCE} --project ${GCP_PROJECT_ID} --zone ${GCE_ZONE}
	

gcpinstance_01_start:
#  Implicit rule search has not been done.
#  Modification time never checked.
#  File has not been updated.
#  commands to execute (from `Makefile', line 127):
	gcloud compute instances start ${INSTANCE} --project ${GCP_PROJECT_ID} --zone ${GCE_ZONE}
	

docker_04_deploycontainer:
#  Implicit rule search has not been done.
#  Modification time never checked.
#  File has not been updated.
#  commands to execute (from `Makefile', line 171):
	gcloud run deploy --image ${GCR_MULTI_REGION}/${GCP_PROJECT_ID}/${DOCKER_IMAGE_NAME} --platform managed --region ${GCR_REGION}
	

# files hash-table stats:
# Load=50/1024=5%, Rehash=0, Collisions=2/62=3%
# VPATH Search Paths

# No `vpath' search paths.

# No general (`VPATH' variable) search path.

# # of strings in strcache: 1
# # of strcache buffers: 1
# strcache size: total = 4096 / max = 4096 / min = 4096 / avg = 4096
# strcache free: total = 4087 / max = 4087 / min = 4087 / avg = 4087

# Finished Make data base on Tue Apr 16 20:29:08 2024

 
